cvc5 interrupted by SIGTERM.
Command terminated by signal 15
5.44user 0.00system 0:05.45elapsed 100%CPU (0avgtext+0avgdata 42312maxresident)k
0inputs+8outputs (1major+6652minor)pagefaults 0swaps
cvc5 interrupted by SIGTERM.
cvc5 interrupted by SIGTERM.
