Warning : the SyGuS conjecture may be infeasible
fail
7.52user 0.00system 0:07.53elapsed 99%CPU (0avgtext+0avgdata 32592maxresident)k
0inputs+8outputs (0major+4194minor)pagefaults 0swaps
