(
(define-fun f_125-10-125-47 ((bufferIndex Int) (MC_741360 Int)) Bool (> bufferIndex bufferIndex))
)
0.00user 0.00system 0:00.00elapsed 100%CPU (0avgtext+0avgdata 18176maxresident)k
0inputs+8outputs (0major+589minor)pagefaults 0swaps
