(
(define-fun inv ((l Int)) Bool (let ((_let_1 (+ (* 1 l) (* 0 l)))) (and (= _let_1 0) (<= _let_1 1))))
)
0.10user 0.00system 0:00.10elapsed 100%CPU (0avgtext+0avgdata 21540maxresident)k
0inputs+8outputs (0major+1415minor)pagefaults 0swaps
