(
(define-fun inv ((x Int) (y Int)) Bool (let ((_let_1 (+ (* (- 1) y) (* 1 x)))) (or (<= _let_1 (+ 1 1)) (<= _let_1 0))))
)
0.39user 0.01system 0:00.40elapsed 99%CPU (0avgtext+0avgdata 24552maxresident)k
0inputs+8outputs (0major+2175minor)pagefaults 0swaps
