(
(define-fun inv ((x Int) (d Int)) Bool (let ((_let_1 (* 1 d))) (or (<= (+ _let_1 (* 0 x)) 1) (<= (+ _let_1 (* 1 x)) 0))))
)
0.06user 0.00system 0:00.06elapsed 100%CPU (0avgtext+0avgdata 21356maxresident)k
0inputs+8outputs (0major+1369minor)pagefaults 0swaps
