(
(define-fun inv ((x Int) (y Int)) Bool (let ((_let_1 (* 1 y))) (and (= (+ (* (- 1) x) _let_1) 0) (= (+ (* 0 y) _let_1) 0))))
)
0.19user 0.00system 0:00.19elapsed 100%CPU (0avgtext+0avgdata 22864maxresident)k
0inputs+8outputs (0major+1752minor)pagefaults 0swaps
