(
(define-fun skel ((n127 Bool) (n69 Bool) (n76 Bool) (n63 Bool)) Bool (xor n127 (and (and n127 n63) (not (and n69 n76)))))
)
65.71user 0.15system 1:05.86elapsed 99%CPU (0avgtext+0avgdata 437776maxresident)k
0inputs+8outputs (0major+111623minor)pagefaults 0swaps
