(
(define-fun inv ((s (_ BitVec 4)) (t (_ BitVec 4))) (_ BitVec 4) (bvlshr s (bvlshr #b0111 (bvsub #b1000 #b0111))))
)
0.33user 0.00system 0:00.33elapsed 99%CPU (0avgtext+0avgdata 30536maxresident)k
0inputs+8outputs (0major+3560minor)pagefaults 0swaps
