(
(define-fun f ((x (_ BitVec 32))) (_ BitVec 32) (let ((_let_1 (bvashr x #b00000000000000000000000000011111))) (bvsub (bvxor x _let_1) _let_1)))
)
0.21user 0.00system 0:00.21elapsed 100%CPU (0avgtext+0avgdata 28940maxresident)k
0inputs+8outputs (0major+3161minor)pagefaults 0swaps
