(
(define-fun f ((x (_ BitVec 32))) (_ BitVec 32) (bvand (bvnot x) (bvadd #b00000000000000000000000000000001 x)))
)
0.01user 0.00system 0:00.01elapsed 100%CPU (0avgtext+0avgdata 19708maxresident)k
0inputs+8outputs (0major+852minor)pagefaults 0swaps
