(
(define-fun f ((x (_ BitVec 32))) (_ BitVec 32) (bvand x (bvneg x)))
)
0.00user 0.00system 0:00.00elapsed 100%CPU (0avgtext+0avgdata 19812maxresident)k
0inputs+8outputs (0major+880minor)pagefaults 0swaps
