(
(define-fun f ((x (_ BitVec 32))) (_ BitVec 32) (bvand x (bvadd x (bvand x (bvneg x)))))
)
0.15user 0.00system 0:00.15elapsed 100%CPU (0avgtext+0avgdata 26644maxresident)k
0inputs+8outputs (0major+2586minor)pagefaults 0swaps
