(
(define-fun skel ((i38 Bool) (i6 Bool) (i5 Bool) (i37 Bool) (i36 Bool) (i4 Bool)) Bool (and (and i36 i4) (and (xor i38 i6) (xor i5 i37))))
)
8.97user 0.05system 0:09.03elapsed 99%CPU (0avgtext+0avgdata 142260maxresident)k
0inputs+8outputs (0major+31490minor)pagefaults 0swaps
