(
(define-fun skel ((i42 Bool) (i10 Bool) (i9 Bool) (i41 Bool) (i40 Bool) (i8 Bool)) Bool (and (and i40 i8) (and (xor i42 i10) (xor i9 i41))))
)
9.05user 0.04system 0:09.09elapsed 100%CPU (0avgtext+0avgdata 142304maxresident)k
0inputs+8outputs (0major+31502minor)pagefaults 0swaps
