(
(define-fun skel ((i22 Bool) (n233 Bool) (n109 Bool)) Bool (xor n109 (and (not n233) (and i22 n109))))
)
0.18user 0.00system 0:00.18elapsed 100%CPU (0avgtext+0avgdata 24604maxresident)k
0inputs+8outputs (0major+2078minor)pagefaults 0swaps
