(
(define-fun skel ((i_13 Bool) (i_16 Bool) (i_15 Bool) (i_14 Bool)) Bool (and (and i_13 i_16) (and i_15 i_14)))
)
0.07user 0.00system 0:00.07elapsed 100%CPU (0avgtext+0avgdata 21952maxresident)k
0inputs+8outputs (0major+1414minor)pagefaults 0swaps
