(
(define-fun SC ((s (_ BitVec 4)) (t (_ BitVec 4))) Bool (bvslt t (bvor #b0111 s)))
)
2.90user 0.01system 0:02.91elapsed 100%CPU (0avgtext+0avgdata 27764maxresident)k
0inputs+8outputs (0major+2855minor)pagefaults 0swaps
