(
(define-fun SC ((s (_ BitVec 4)) (t (_ BitVec 4))) Bool (= (bvor s t) t))
)
1.95user 0.00system 0:01.95elapsed 100%CPU (0avgtext+0avgdata 27608maxresident)k
0inputs+8outputs (0major+2815minor)pagefaults 0swaps
