(
(define-fun SC ((s (_ BitVec 4)) (t (_ BitVec 4))) Bool (bvult #b0000 (bvor s t)))
)
2.02user 0.01system 0:02.03elapsed 100%CPU (0avgtext+0avgdata 27112maxresident)k
0inputs+8outputs (0major+2691minor)pagefaults 0swaps
