(
(define-fun f ((x (_ BitVec 64))) (_ BitVec 64) (let ((_let_1 (bvnot x))) (let ((_let_2 (shr16 _let_1))) (let ((_let_3 (bvand #b0000000000000000000000000000000000000000000000000000000000000001 (shr16 x)))) (if0 (bvand #b0000000000000000000000000000000000000000000000000000000000000001 _let_1) (if0 _let_3 _let_2 (shr4 (shr1 (shl1 x)))) (if0 _let_3 _let_2 (shr4 (shr1 x))))))))
)
0.67user 0.02system 0:00.70elapsed 99%CPU (0avgtext+0avgdata 79504maxresident)k
0inputs+8outputs (0major+16274minor)pagefaults 0swaps
