(
(define-fun inv ((i (_ BitVec 32)) (l (_ BitVec 32))) Bool (bvugt (bvadd #b00000000000000000000000000000010 #b00000000000000000000000000000011) l))
)
1.95user 0.00system 0:01.95elapsed 100%CPU (0avgtext+0avgdata 32940maxresident)k
0inputs+8outputs (0major+4148minor)pagefaults 0swaps
