(
(define-fun skel ((i_9 Bool) (i_8 Bool) (i_7 Bool)) Bool (not (or i_9 (xor i_8 i_7))))
)
0.04user 0.00system 0:00.05elapsed 100%CPU (0avgtext+0avgdata 21820maxresident)k
0inputs+8outputs (0major+1380minor)pagefaults 0swaps
