(
(define-fun skel ((i22 Bool) (i21 Bool) (i20 Bool) (i23 Bool)) Bool (not (or (or i22 i21) (or i20 i23))))
)
0.13user 0.00system 0:00.13elapsed 99%CPU (0avgtext+0avgdata 24492maxresident)k
0inputs+8outputs (0major+2049minor)pagefaults 0swaps
